15:13:12 **** Incremental Build of configuration Debug for project bno055 ****
make -j12 all 
arm-none-eabi-gcc "../Core/Src/bno055_lib.c" -mcpu=cortex-m4 -std=gnu11 -g3 -DDEBUG -DUSE_HAL_DRIVER -DSTM32F446xx -c -I../Core/Inc -I../Drivers/STM32F4xx_HAL_Driver/Inc -I../Drivers/STM32F4xx_HAL_Driver/Inc/Legacy -I../Drivers/CMSIS/Device/ST/STM32F4xx/Include -I../Drivers/CMSIS/Include -O0 -ffunction-sections -fdata-sections -Wall -fstack-usage -MMD -MP -MF"Core/Src/bno055_lib.d" -MT"Core/Src/bno055_lib.o" --specs=nano.specs -mfpu=fpv4-sp-d16 -mfloat-abi=hard -mthumb -o "Core/Src/bno055_lib.o"
arm-none-eabi-gcc "../Core/Src/main.c" -mcpu=cortex-m4 -std=gnu11 -g3 -DDEBUG -DUSE_HAL_DRIVER -DSTM32F446xx -c -I../Core/Inc -I../Drivers/STM32F4xx_HAL_Driver/Inc -I../Drivers/STM32F4xx_HAL_Driver/Inc/Legacy -I../Drivers/CMSIS/Device/ST/STM32F4xx/Include -I../Drivers/CMSIS/Include -O0 -ffunction-sections -fdata-sections -Wall -fstack-usage -MMD -MP -MF"Core/Src/main.d" -MT"Core/Src/main.o" --specs=nano.specs -mfpu=fpv4-sp-d16 -mfloat-abi=hard -mthumb -o "Core/Src/main.o"
../Core/Src/bno055_lib.c: In function 'read_bno055_data':
../Core/Src/bno055_lib.c:28:63: warning: passing argument 5 of 'HAL_I2C_Mem_Read' from incompatible pointer type [-Wincompatible-pointer-types]
   28 |     HAL_I2C_Mem_Read(&hi2c1, BNO055_I2C_ADDR_LO << 1, reg, 1, &buffer, 6, 100);
      |                                                               ^~~~~~~
      |                                                               |
      |                                                               uint8_t (*)[6] {aka unsigned char (*)[6]}
In file included from ../Core/Inc/stm32f4xx_hal_conf.h:358,
                 from ../Drivers/STM32F4xx_HAL_Driver/Inc/stm32f4xx_hal.h:29,
                 from ../Core/Inc/main.h:30,
                 from ../Core/Inc/bno055_lib.h:3,
                 from ../Core/Src/bno055_lib.c:1:
../Drivers/STM32F4xx_HAL_Driver/Inc/stm32f4xx_hal_i2c.h:571:133: note: expected 'uint8_t *' {aka 'unsigned char *'} but argument is of type 'uint8_t (*)[6]' {aka 'unsigned char (*)[6]'}
  571 | HAL_StatusTypeDef HAL_I2C_Mem_Read(I2C_HandleTypeDef *hi2c, uint16_t DevAddress, uint16_t MemAddress, uint16_t MemAddSize, uint8_t *pData, uint16_t Size, uint32_t Timeout);
      |                                                                                                                            ~~~~~~~~~^~~~~
arm-none-eabi-gcc -o "bno055.elf" @"objects.list"   -mcpu=cortex-m4 -T"C:\Users\BurakKAYAALP\Desktop\stm32_cube_ide\stm32_cube_ide\bno055\STM32F446RETX_FLASH.ld" --specs=nosys.specs -Wl,-Map="bno055.map" -Wl,--gc-sections -static --specs=nano.specs -mfpu=fpv4-sp-d16 -mfloat-abi=hard -mthumb -Wl,--start-group -lc -lm -Wl,--end-group
Finished building target: bno055.elf
 
arm-none-eabi-size   bno055.elf 
arm-none-eabi-objdump -h -S  bno055.elf  > "bno055.list"
   text	   data	    bss	    dec	    hex	filename
  23736	    120	   1784	  25640	   6428	bno055.elf
Finished building: default.size.stdout
 
Finished building: bno055.list
 

15:13:13 Build Finished. 0 errors, 1 warnings. (took 673ms)

